
Map of Debug\automated_handwashing_system.sm8 from link file Debug\automated_handwashing_system.lkf - Thu Jun  2 23:28:52 2022


                               --------
                               Segments
                               --------

start 00008080 end 000080a3 length    35 segment .const
start 000080a6 end 0000837c length   726 segment .text
start 00004000 end 00004000 length     0 segment .eeprom
start 00000000 end 00000000 length     0 segment .bsct
start 00000000 end 00000006 length     6 segment .ubsct
start 00000006 end 00000006 length     0 segment .bit
start 00000006 end 00000006 length     0 segment .share
start 00000100 end 00000100 length     0 segment .data
start 00000100 end 00000100 length     0 segment .bss
start 00000000 end 00000d4f length  3407 segment .info.
start 00000000 end 000137ee length 79854 segment .debug
start 00008000 end 00008080 length   128 segment .const
start 000080a3 end 000080a6 length     3 segment .init


                               -------
                               Modules
                               -------

C:\Program Files (x86)\COSMIC\FSE_Compilers\CXSTM8\Lib\crtsi0.sm8:
start 000080a6 end 000080f6 length    80 section .text
start 00000100 end 00000100 length     0 section .bss
start 00000000 end 00000000 length     0 section .ubsct
start 00000000 end 00000034 length    52 section .info.

Debug\main.o:
start 000080f6 end 00008274 length   382 section .text
start 00000000 end 000008f3 length  2291 section .debug
start 00000034 end 0000009b length   103 section .info.
start 00008080 end 000080a3 length    35 section .const

Debug\stm8s_adc1.o:
start ******** end ******** length     0 section .text *** removed ***
start 000008f3 end 00001ee4 length  5617 section .debug
start 0000009b end 00000108 length   109 section .info.

Debug\stm8s_awu.o:
start ******** end ******** length     0 section .text *** removed ***
start 00001ee4 end 000024a3 length  1471 section .debug
start 00000108 end 00000174 length   108 section .info.
start ******** end ******** length     0 section .const *** removed ***

Debug\stm8s_beep.o:
start ******** end ******** length     0 section .text *** removed ***
start 000024a3 end 0000277e length   731 section .debug
start 00000174 end 000001e1 length   109 section .info.
start ******** end ******** length     0 section .const *** removed ***

Debug\stm8s_clk.o:
start ******** end ******** length     0 section .text *** removed ***
start 0000277e end 00003ded length  5743 section .debug
start 000001e1 end 0000024d length   108 section .info.
start ******** end ******** length     0 section .const *** removed ***

Debug\stm8s_exti.o:
start ******** end ******** length     0 section .text *** removed ***
start 00003ded end 0000427c length  1167 section .debug
start 0000024d end 000002ba length   109 section .info.

Debug\stm8s_flash.o:
start ******** end ******** length     0 section .text *** removed ***
start 0000427c end 000050ac length  3632 section .debug
start 000002ba end 00000328 length   110 section .info.

Debug\stm8s_gpio.o:
start 00008274 end 00008326 length   178 section .text
start 000050ac end 00005ab6 length  2570 section .debug
start 00000328 end 00000395 length   109 section .info.

Debug\stm8s_i2c.o:
start ******** end ******** length     0 section .text *** removed ***
start 00005ab6 end 00007057 length  5537 section .debug
start 00000395 end 00000401 length   108 section .info.
start ******** end ******** length     0 section .const *** removed ***

Debug\stm8s_itc.o:
start ******** end ******** length     0 section .text *** removed ***
start 00007057 end 0000765a length  1539 section .debug
start 00000401 end 0000046d length   108 section .info.
start ******** end ******** length     0 section .const *** removed ***

Debug\stm8s_iwdg.o:
start ******** end ******** length     0 section .text *** removed ***
start 0000765a end 000079fc length   930 section .debug
start 0000046d end 000004da length   109 section .info.

Debug\stm8s_rst.o:
start ******** end ******** length     0 section .text *** removed ***
start 000079fc end 00007c2b length   559 section .debug
start 000004da end 00000546 length   108 section .info.

Debug\stm8s_spi.o:
start ******** end ******** length     0 section .text *** removed ***
start 00007c2b end 00008b67 length  3900 section .debug
start 00000546 end 000005b2 length   108 section .info.

Debug\stm8s_tim1.o:
start ******** end ******** length     0 section .text *** removed ***
start 00008b67 end 0000caf1 length 16266 section .debug
start 000005b2 end 0000061f length   109 section .info.

Debug\stm8s_tim2.o:
start ******** end ******** length     0 section .text *** removed ***
start 0000caf1 end 0000ee05 length  8980 section .debug
start 0000061f end 0000068c length   109 section .info.

Debug\stm8s_tim3.o:
start ******** end ******** length     0 section .text *** removed ***
start 0000ee05 end 00010c1f length  7706 section .debug
start 0000068c end 000006f9 length   109 section .info.

Debug\stm8s_tim4.o:
start ******** end ******** length     0 section .text *** removed ***
start 00010c1f end 000117d6 length  2999 section .debug
start 000006f9 end 00000766 length   109 section .info.

Debug\stm8s_uart2.o:
start ******** end ******** length     0 section .text *** removed ***
start 000117d6 end 00012dbc length  5606 section .debug
start 00000766 end 000007d4 length   110 section .info.
start ******** end ******** length     0 section .const *** removed ***

Debug\stm8s_wwdg.o:
start ******** end ******** length     0 section .text *** removed ***
start 00012dbc end 00013002 length   582 section .debug
start 000007d4 end 00000841 length   109 section .info.

Debug\stm8s_it.o:
start 00008326 end 0000833d length    23 section .text
start 00013002 end 000136c8 length  1734 section .debug
start 00000841 end 000008ac length   107 section .info.

(C:\Program Files (x86)\COSMIC\FSE_Compilers\CXSTM8\Lib\libm0.sm8)cmulx.o:
start ******** end ******** length     0 section .text *** removed ***
start 000008ac end 000008dc length    48 section .info.

(C:\Program Files (x86)\COSMIC\FSE_Compilers\CXSTM8\Lib\libm0.sm8)imul.o:
start ******** end ******** length     0 section .text *** removed ***
start 000008dc end 0000090b length    47 section .info.

(C:\Program Files (x86)\COSMIC\FSE_Compilers\CXSTM8\Lib\libm0.sm8)ladd.o:
start ******** end ******** length     0 section .text *** removed ***
start 0000090b end 0000093a length    47 section .info.

(C:\Program Files (x86)\COSMIC\FSE_Compilers\CXSTM8\Lib\libm0.sm8)lcmp.o:
start ******** end ******** length     0 section .text *** removed ***
start 0000093a end 00000969 length    47 section .info.

(C:\Program Files (x86)\COSMIC\FSE_Compilers\CXSTM8\Lib\libm0.sm8)lgadd.o:
start ******** end ******** length     0 section .text *** removed ***
start 00000969 end 00000999 length    48 section .info.

(C:\Program Files (x86)\COSMIC\FSE_Compilers\CXSTM8\Lib\libm0.sm8)llsh.o:
start ******** end ******** length     0 section .text *** removed ***
start 00000999 end 000009c8 length    47 section .info.

(C:\Program Files (x86)\COSMIC\FSE_Compilers\CXSTM8\Lib\libm0.sm8)lmul.o:
start ******** end ******** length     0 section .text *** removed ***
start 000009c8 end 000009f7 length    47 section .info.

(C:\Program Files (x86)\COSMIC\FSE_Compilers\CXSTM8\Lib\libm0.sm8)lreg.o:
start ******** end ******** length     0 section .ubsct *** removed ***
start 000009f7 end 00000a26 length    47 section .info.

(C:\Program Files (x86)\COSMIC\FSE_Compilers\CXSTM8\Lib\libm0.sm8)lsub.o:
start ******** end ******** length     0 section .text *** removed ***
start 00000a26 end 00000a55 length    47 section .info.

(C:\Program Files (x86)\COSMIC\FSE_Compilers\CXSTM8\Lib\libm0.sm8)ltor.o:
start ******** end ******** length     0 section .text *** removed ***
start 00000a55 end 00000a84 length    47 section .info.

(C:\Program Files (x86)\COSMIC\FSE_Compilers\CXSTM8\Lib\libm0.sm8)ludiv.o:
start ******** end ******** length     0 section .text *** removed ***
start 00000a84 end 00000ab4 length    48 section .info.

(C:\Program Files (x86)\COSMIC\FSE_Compilers\CXSTM8\Lib\libm0.sm8)ldiv.o:
start ******** end ******** length     0 section .text *** removed ***
start 00000ab4 end 00000ae3 length    47 section .info.

(C:\Program Files (x86)\COSMIC\FSE_Compilers\CXSTM8\Lib\libm0.sm8)lgneg.o:
start ******** end ******** length     0 section .text *** removed ***
start 00000ae3 end 00000b13 length    48 section .info.

(C:\Program Files (x86)\COSMIC\FSE_Compilers\CXSTM8\Lib\libm0.sm8)lneg.o:
start ******** end ******** length     0 section .text *** removed ***
start 00000b13 end 00000b42 length    47 section .info.

(C:\Program Files (x86)\COSMIC\FSE_Compilers\CXSTM8\Lib\libm0.sm8)rtol.o:
start ******** end ******** length     0 section .text *** removed ***
start 00000b42 end 00000b71 length    47 section .info.

(C:\Program Files (x86)\COSMIC\FSE_Compilers\CXSTM8\Lib\libm0.sm8)sdivx.o:
start ******** end ******** length     0 section .text *** removed ***
start 00000b71 end 00000ba1 length    48 section .info.

(C:\Program Files (x86)\COSMIC\FSE_Compilers\CXSTM8\Lib\libm0.sm8)smul.o:
start ******** end ******** length     0 section .text *** removed ***
start 00000ba1 end 00000bd0 length    47 section .info.

(C:\Program Files (x86)\COSMIC\FSE_Compilers\CXSTM8\Lib\libm0.sm8)umul.o:
start ******** end ******** length     0 section .text *** removed ***
start 00000bd0 end 00000bff length    47 section .info.

(C:\Program Files (x86)\COSMIC\FSE_Compilers\CXSTM8\Lib\libm0.sm8)xreg.o:
start 00000000 end 00000003 length     3 section .ubsct
start 00000bff end 00000c2e length    47 section .info.

(C:\Program Files (x86)\COSMIC\FSE_Compilers\CXSTM8\Lib\libm0.sm8)xymov.o:
start 0000833d end 0000837c length    63 section .text
start 00000c2e end 00000c5e length    48 section .info.

(C:\Program Files (x86)\COSMIC\FSE_Compilers\CXSTM8\Lib\libm0.sm8)yreg.o:
start 00000003 end 00000006 length     3 section .ubsct
start 00000c5e end 00000c8d length    47 section .info.

Debug\stm8_interrupt_vector.o:
start 000136c8 end 000137ee length   294 section .debug
start 00000c8d end 00000d05 length   120 section .info.
start 00008000 end 00008080 length   128 section .const


                             -----------
                             Stack usage
                             -----------

Debug\main.o:
L124_ReadSensorDriveOutput             16   (6)
L133_Actuator_Write                    10   (5)
L331_Sensor_MultiInit                  14   (6)
L3_Sensor_Init                          8   (2)
L571_Sensor_FoundObstacle               7   (2)
L722_Actuator_Init                      8   (2)
L762_Actuator_MultiInit                14   (6)
L773_TimedOutputControl                 4   (4)
_main                              >   53   (37)

Debug\stm8s_gpio.o:
_GPIO_DeInit                       >    2   (2)
_GPIO_ExternalPullUpConfig         >    6   (6)
_GPIO_Init                              6   (6)
_GPIO_ReadInputData                >    2   (2)
_GPIO_ReadInputPin                      5   (5)
_GPIO_ReadOutputData               >    2   (2)
_GPIO_Write                        >    5   (5)
_GPIO_WriteHigh                         5   (5)
_GPIO_WriteLow                          5   (5)
_GPIO_WriteReverse                 >    5   (5)

Debug\stm8s_it.o:
f_ADC1_IRQHandler                  >    6   (6)
f_AWU_IRQHandler                   >    6   (6)
f_CLK_IRQHandler                   >    6   (6)
f_EEPROM_EEC_IRQHandler            >    6   (6)
f_EXTI_PORTA_IRQHandler            >    6   (6)
f_EXTI_PORTB_IRQHandler            >    6   (6)
f_EXTI_PORTC_IRQHandler            >    6   (6)
f_EXTI_PORTD_IRQHandler            >    6   (6)
f_EXTI_PORTE_IRQHandler            >    6   (6)
f_I2C_IRQHandler                   >    6   (6)
f_NonHandledInterrupt              >    6   (6)
f_SPI_IRQHandler                   >    6   (6)
f_TIM1_CAP_COM_IRQHandler          >    6   (6)
f_TIM1_UPD_OVF_TRG_BRK_IRQHandler  >    6   (6)
f_TIM2_CAP_COM_IRQHandler          >    6   (6)
f_TIM2_UPD_OVF_BRK_IRQHandler      >    6   (6)
f_TIM3_CAP_COM_IRQHandler          >    6   (6)
f_TIM3_UPD_OVF_BRK_IRQHandler      >    6   (6)
f_TIM4_UPD_OVF_IRQHandler          >    6   (6)
f_TLI_IRQHandler                   >    6   (6)
f_TRAP_IRQHandler                  >    6   (6)
f_UART2_RX_IRQHandler              >    6   (6)
f_UART2_TX_IRQHandler              >    6   (6)

Stack size: 59


                              ---------
                              Call tree
                              ---------
   1 > _GPIO_DeInit: (2)

   2 > _GPIO_ExternalPullUpConfig: (6)

   3 > _GPIO_ReadInputData: (2)

   4 > _GPIO_ReadOutputData: (2)

   5 > _GPIO_Write: (5)

   6 > _GPIO_WriteReverse: (5)

   7 > __stext: (0)

   8 > _main: (37)
   9      + L124_ReadSensorDriveOutput: (6)
  10      |    + L133_Actuator_Write: (5)
  11      |    |    + _GPIO_WriteHigh: (5)
  12      |    |    + _GPIO_WriteLow: (5)
          |    | 
  13      |    + L571_Sensor_FoundObstacle: (2)
  14      |    |    + _GPIO_ReadInputPin: (5)
          |    | 
          | 
  15      + L331_Sensor_MultiInit: (6)
  16      |    + L3_Sensor_Init: (2)
  17      |    |    + _GPIO_Init: (6)
          |    | 
          | 
  18      + L762_Actuator_MultiInit: (6)
  19      |    + L722_Actuator_Init: (2)
  20      |    |    + _GPIO_Init --> 17
          |    | 
          | 
  21      + L773_TimedOutputControl: (4)
       
  22 > f_ADC1_IRQHandler: (6)

  23 > f_AWU_IRQHandler: (6)

  24 > f_CLK_IRQHandler: (6)

  25 > f_EEPROM_EEC_IRQHandler: (6)

  26 > f_EXTI_PORTA_IRQHandler: (6)

  27 > f_EXTI_PORTB_IRQHandler: (6)

  28 > f_EXTI_PORTC_IRQHandler: (6)

  29 > f_EXTI_PORTD_IRQHandler: (6)

  30 > f_EXTI_PORTE_IRQHandler: (6)

  31 > f_I2C_IRQHandler: (6)

  32 > f_NonHandledInterrupt: (6)

  33 > f_SPI_IRQHandler: (6)

  34 > f_TIM1_CAP_COM_IRQHandler: (6)

  35 > f_TIM1_UPD_OVF_TRG_BRK_IRQHandler: (6)

  36 > f_TIM2_CAP_COM_IRQHandler: (6)

  37 > f_TIM2_UPD_OVF_BRK_IRQHandler: (6)

  38 > f_TIM3_CAP_COM_IRQHandler: (6)

  39 > f_TIM3_UPD_OVF_BRK_IRQHandler: (6)

  40 > f_TIM4_UPD_OVF_IRQHandler: (6)

  41 > f_TLI_IRQHandler: (6)

  42 > f_TRAP_IRQHandler: (6)

  43 > f_UART2_RX_IRQHandler: (6)

  44 > f_UART2_TX_IRQHandler: (6)

  45   L124_ReadSensorDriveOutput --> 9

  46   L133_Actuator_Write --> 10

  47   L331_Sensor_MultiInit --> 15

  48   L3_Sensor_Init --> 16

  49   L571_Sensor_FoundObstacle --> 13

  50   L722_Actuator_Init --> 19

  51   L762_Actuator_MultiInit --> 18

  52   L773_TimedOutputControl --> 21

  53   _GPIO_Init --> 17

  54   _GPIO_ReadInputPin --> 14

  55   _GPIO_WriteHigh --> 11

  56   _GPIO_WriteLow --> 12



                               -------
                               Symbols
                               -------

_ADC1_AWDChannelConfig              ********   *** removed from Debug\stm8s_adc1.o ***
_ADC1_ClearFlag                     ********   *** removed from Debug\stm8s_adc1.o ***
_ADC1_ClearITPendingBit             ********   *** removed from Debug\stm8s_adc1.o ***
_ADC1_Cmd                           ********   *** removed from Debug\stm8s_adc1.o ***
_ADC1_ConversionConfig              ********   *** removed from Debug\stm8s_adc1.o ***
_ADC1_DataBufferCmd                 ********   *** removed from Debug\stm8s_adc1.o ***
_ADC1_DeInit                        ********   *** removed from Debug\stm8s_adc1.o ***
_ADC1_ExternalTriggerConfig         ********   *** removed from Debug\stm8s_adc1.o ***
_ADC1_GetAWDChannelStatus           ********   *** removed from Debug\stm8s_adc1.o ***
_ADC1_GetBufferValue                ********   *** removed from Debug\stm8s_adc1.o ***
_ADC1_GetConversionValue            ********   *** removed from Debug\stm8s_adc1.o ***
_ADC1_GetFlagStatus                 ********   *** removed from Debug\stm8s_adc1.o ***
_ADC1_GetITStatus                   ********   *** removed from Debug\stm8s_adc1.o ***
_ADC1_ITConfig                      ********   *** removed from Debug\stm8s_adc1.o ***
_ADC1_Init                          ********   *** removed from Debug\stm8s_adc1.o ***
_ADC1_PrescalerConfig               ********   *** removed from Debug\stm8s_adc1.o ***
_ADC1_ScanModeCmd                   ********   *** removed from Debug\stm8s_adc1.o ***
_ADC1_SchmittTriggerConfig          ********   *** removed from Debug\stm8s_adc1.o ***
_ADC1_SetHighThreshold              ********   *** removed from Debug\stm8s_adc1.o ***
_ADC1_SetLowThreshold               ********   *** removed from Debug\stm8s_adc1.o ***
_ADC1_StartConversion               ********   *** removed from Debug\stm8s_adc1.o ***
_APR_Array                          ********   *** removed from Debug\stm8s_awu.o ***
_AWU_Cmd                            ********   *** removed from Debug\stm8s_awu.o ***
_AWU_DeInit                         ********   *** removed from Debug\stm8s_awu.o ***
_AWU_GetFlagStatus                  ********   *** removed from Debug\stm8s_awu.o ***
_AWU_IdleModeEnable                 ********   *** removed from Debug\stm8s_awu.o ***
_AWU_Init                           ********   *** removed from Debug\stm8s_awu.o ***
_AWU_LSICalibrationConfig           ********   *** removed from Debug\stm8s_awu.o ***
_BEEP_Cmd                           ********   *** removed from Debug\stm8s_beep.o ***
_BEEP_DeInit                        ********   *** removed from Debug\stm8s_beep.o ***
_BEEP_Init                          ********   *** removed from Debug\stm8s_beep.o ***
_BEEP_LSICalibrationConfig          ********   *** removed from Debug\stm8s_beep.o ***
_CLKPrescTable                      ********   *** removed from Debug\stm8s_clk.o ***
_CLK_AdjustHSICalibrationValue      ********   *** removed from Debug\stm8s_clk.o ***
_CLK_CCOCmd                         ********   *** removed from Debug\stm8s_clk.o ***
_CLK_CCOConfig                      ********   *** removed from Debug\stm8s_clk.o ***
_CLK_ClearITPendingBit              ********   *** removed from Debug\stm8s_clk.o ***
_CLK_ClockSecuritySystemEnable      ********   *** removed from Debug\stm8s_clk.o ***
_CLK_ClockSwitchCmd                 ********   *** removed from Debug\stm8s_clk.o ***
_CLK_ClockSwitchConfig              ********   *** removed from Debug\stm8s_clk.o ***
_CLK_DeInit                         ********   *** removed from Debug\stm8s_clk.o ***
_CLK_FastHaltWakeUpCmd              ********   *** removed from Debug\stm8s_clk.o ***
_CLK_GetClockFreq                   ********   *** removed from Debug\stm8s_clk.o ***
_CLK_GetFlagStatus                  ********   *** removed from Debug\stm8s_clk.o ***
_CLK_GetITStatus                    ********   *** removed from Debug\stm8s_clk.o ***
_CLK_GetSYSCLKSource                ********   *** removed from Debug\stm8s_clk.o ***
_CLK_HSECmd                         ********   *** removed from Debug\stm8s_clk.o ***
_CLK_HSICmd                         ********   *** removed from Debug\stm8s_clk.o ***
_CLK_HSIPrescalerConfig             ********   *** removed from Debug\stm8s_clk.o ***
_CLK_ITConfig                       ********   *** removed from Debug\stm8s_clk.o ***
_CLK_LSICmd                         ********   *** removed from Debug\stm8s_clk.o ***
_CLK_PeripheralClockConfig          ********   *** removed from Debug\stm8s_clk.o ***
_CLK_SWIMConfig                     ********   *** removed from Debug\stm8s_clk.o ***
_CLK_SYSCLKConfig                   ********   *** removed from Debug\stm8s_clk.o ***
_CLK_SYSCLKEmergencyClear           ********   *** removed from Debug\stm8s_clk.o ***
_CLK_SlowActiveHaltWakeUpCmd        ********   *** removed from Debug\stm8s_clk.o ***
_EXTI_DeInit                        ********   *** removed from Debug\stm8s_exti.o ***
_EXTI_GetExtIntSensitivity          ********   *** removed from Debug\stm8s_exti.o ***
_EXTI_GetTLISensitivity             ********   *** removed from Debug\stm8s_exti.o ***
_EXTI_SetExtIntSensitivity          ********   *** removed from Debug\stm8s_exti.o ***
_EXTI_SetTLISensitivity             ********   *** removed from Debug\stm8s_exti.o ***
_FLASH_DeInit                       ********   *** removed from Debug\stm8s_flash.o ***
_FLASH_EraseBlock                   ********   *** removed from Debug\stm8s_flash.o ***
_FLASH_EraseByte                    ********   *** removed from Debug\stm8s_flash.o ***
_FLASH_EraseOptionByte              ********   *** removed from Debug\stm8s_flash.o ***
_FLASH_GetBootSize                  ********   *** removed from Debug\stm8s_flash.o ***
_FLASH_GetFlagStatus                ********   *** removed from Debug\stm8s_flash.o ***
_FLASH_GetLowPowerMode              ********   *** removed from Debug\stm8s_flash.o ***
_FLASH_GetProgrammingTime           ********   *** removed from Debug\stm8s_flash.o ***
_FLASH_ITConfig                     ********   *** removed from Debug\stm8s_flash.o ***
_FLASH_Lock                         ********   *** removed from Debug\stm8s_flash.o ***
_FLASH_ProgramBlock                 ********   *** removed from Debug\stm8s_flash.o ***
_FLASH_ProgramByte                  ********   *** removed from Debug\stm8s_flash.o ***
_FLASH_ProgramOptionByte            ********   *** removed from Debug\stm8s_flash.o ***
_FLASH_ProgramWord                  ********   *** removed from Debug\stm8s_flash.o ***
_FLASH_ReadByte                     ********   *** removed from Debug\stm8s_flash.o ***
_FLASH_ReadOptionByte               ********   *** removed from Debug\stm8s_flash.o ***
_FLASH_SetLowPowerMode              ********   *** removed from Debug\stm8s_flash.o ***
_FLASH_SetProgrammingTime           ********   *** removed from Debug\stm8s_flash.o ***
_FLASH_Unlock                       ********   *** removed from Debug\stm8s_flash.o ***
_FLASH_WaitForLastOperation         ********   *** removed from Debug\stm8s_flash.o ***
_GPIO_DeInit                        00008274   defined in Debug\stm8s_gpio.o section .text
_GPIO_ExternalPullUpConfig          0000830e   defined in Debug\stm8s_gpio.o section .text
_GPIO_Init                          0000827c   defined in Debug\stm8s_gpio.o section .text
                                               used in Debug\main.o
_GPIO_ReadInputData                 00008304   defined in Debug\stm8s_gpio.o section .text
_GPIO_ReadInputPin                  00008307   defined in Debug\stm8s_gpio.o section .text
                                               used in Debug\main.o
_GPIO_ReadOutputData                00008302   defined in Debug\stm8s_gpio.o section .text
_GPIO_Write                         000082e4   defined in Debug\stm8s_gpio.o section .text
_GPIO_WriteHigh                     000082ec   defined in Debug\stm8s_gpio.o section .text
                                               used in Debug\main.o
_GPIO_WriteLow                      000082f3   defined in Debug\stm8s_gpio.o section .text
                                               used in Debug\main.o
_GPIO_WriteReverse                  000082fb   defined in Debug\stm8s_gpio.o section .text
_HSIDivFactor                       ********   *** removed from Debug\stm8s_clk.o ***
_I2C_AcknowledgeConfig              ********   *** removed from Debug\stm8s_i2c.o ***
_I2C_CheckEvent                     ********   *** removed from Debug\stm8s_i2c.o ***
_I2C_ClearFlag                      ********   *** removed from Debug\stm8s_i2c.o ***
_I2C_ClearITPendingBit              ********   *** removed from Debug\stm8s_i2c.o ***
_I2C_Cmd                            ********   *** removed from Debug\stm8s_i2c.o ***
_I2C_DeInit                         ********   *** removed from Debug\stm8s_i2c.o ***
_I2C_FastModeDutyCycleConfig        ********   *** removed from Debug\stm8s_i2c.o ***
_I2C_GeneralCallCmd                 ********   *** removed from Debug\stm8s_i2c.o ***
_I2C_GenerateSTART                  ********   *** removed from Debug\stm8s_i2c.o ***
_I2C_GenerateSTOP                   ********   *** removed from Debug\stm8s_i2c.o ***
_I2C_GetFlagStatus                  ********   *** removed from Debug\stm8s_i2c.o ***
_I2C_GetITStatus                    ********   *** removed from Debug\stm8s_i2c.o ***
_I2C_GetLastEvent                   ********   *** removed from Debug\stm8s_i2c.o ***
_I2C_ITConfig                       ********   *** removed from Debug\stm8s_i2c.o ***
_I2C_Init                           ********   *** removed from Debug\stm8s_i2c.o ***
_I2C_ReceiveData                    ********   *** removed from Debug\stm8s_i2c.o ***
_I2C_Send7bitAddress                ********   *** removed from Debug\stm8s_i2c.o ***
_I2C_SendData                       ********   *** removed from Debug\stm8s_i2c.o ***
_I2C_SoftwareResetCmd               ********   *** removed from Debug\stm8s_i2c.o ***
_I2C_StretchClockCmd                ********   *** removed from Debug\stm8s_i2c.o ***
_ITC_DeInit                         ********   *** removed from Debug\stm8s_itc.o ***
_ITC_GetCPUCC                       ********   *** removed from Debug\stm8s_itc.o ***
_ITC_GetSoftIntStatus               ********   *** removed from Debug\stm8s_itc.o ***
_ITC_GetSoftwarePriority            ********   *** removed from Debug\stm8s_itc.o ***
_ITC_SetSoftwarePriority            ********   *** removed from Debug\stm8s_itc.o ***
_IWDG_Enable                        ********   *** removed from Debug\stm8s_iwdg.o ***
_IWDG_ReloadCounter                 ********   *** removed from Debug\stm8s_iwdg.o ***
_IWDG_SetPrescaler                  ********   *** removed from Debug\stm8s_iwdg.o ***
_IWDG_SetReload                     ********   *** removed from Debug\stm8s_iwdg.o ***
_IWDG_WriteAccessCmd                ********   *** removed from Debug\stm8s_iwdg.o ***
_RST_ClearFlag                      ********   *** removed from Debug\stm8s_rst.o ***
_RST_GetFlagStatus                  ********   *** removed from Debug\stm8s_rst.o ***
_SPI_BiDirectionalLineConfig        ********   *** removed from Debug\stm8s_spi.o ***
_SPI_CalculateCRCCmd                ********   *** removed from Debug\stm8s_spi.o ***
_SPI_ClearFlag                      ********   *** removed from Debug\stm8s_spi.o ***
_SPI_ClearITPendingBit              ********   *** removed from Debug\stm8s_spi.o ***
_SPI_Cmd                            ********   *** removed from Debug\stm8s_spi.o ***
_SPI_DeInit                         ********   *** removed from Debug\stm8s_spi.o ***
_SPI_GetCRC                         ********   *** removed from Debug\stm8s_spi.o ***
_SPI_GetCRCPolynomial               ********   *** removed from Debug\stm8s_spi.o ***
_SPI_GetFlagStatus                  ********   *** removed from Debug\stm8s_spi.o ***
_SPI_GetITStatus                    ********   *** removed from Debug\stm8s_spi.o ***
_SPI_ITConfig                       ********   *** removed from Debug\stm8s_spi.o ***
_SPI_Init                           ********   *** removed from Debug\stm8s_spi.o ***
_SPI_NSSInternalSoftwareCmd         ********   *** removed from Debug\stm8s_spi.o ***
_SPI_ReceiveData                    ********   *** removed from Debug\stm8s_spi.o ***
_SPI_ResetCRC                       ********   *** removed from Debug\stm8s_spi.o ***
_SPI_SendData                       ********   *** removed from Debug\stm8s_spi.o ***
_SPI_TransmitCRC                    ********   *** removed from Debug\stm8s_spi.o ***
_TBR_Array                          ********   *** removed from Debug\stm8s_awu.o ***
_TIM1_ARRPreloadConfig              ********   *** removed from Debug\stm8s_tim1.o ***
_TIM1_BDTRConfig                    ********   *** removed from Debug\stm8s_tim1.o ***
_TIM1_CCPreloadControl              ********   *** removed from Debug\stm8s_tim1.o ***
_TIM1_CCxCmd                        ********   *** removed from Debug\stm8s_tim1.o ***
_TIM1_CCxNCmd                       ********   *** removed from Debug\stm8s_tim1.o ***
_TIM1_ClearFlag                     ********   *** removed from Debug\stm8s_tim1.o ***
_TIM1_ClearITPendingBit             ********   *** removed from Debug\stm8s_tim1.o ***
_TIM1_Cmd                           ********   *** removed from Debug\stm8s_tim1.o ***
_TIM1_CounterModeConfig             ********   *** removed from Debug\stm8s_tim1.o ***
_TIM1_CtrlPWMOutputs                ********   *** removed from Debug\stm8s_tim1.o ***
_TIM1_DeInit                        ********   *** removed from Debug\stm8s_tim1.o ***
_TIM1_ETRClockMode1Config           ********   *** removed from Debug\stm8s_tim1.o ***
_TIM1_ETRClockMode2Config           ********   *** removed from Debug\stm8s_tim1.o ***
_TIM1_ETRConfig                     ********   *** removed from Debug\stm8s_tim1.o ***
_TIM1_EncoderInterfaceConfig        ********   *** removed from Debug\stm8s_tim1.o ***
_TIM1_ForcedOC1Config               ********   *** removed from Debug\stm8s_tim1.o ***
_TIM1_ForcedOC2Config               ********   *** removed from Debug\stm8s_tim1.o ***
_TIM1_ForcedOC3Config               ********   *** removed from Debug\stm8s_tim1.o ***
_TIM1_ForcedOC4Config               ********   *** removed from Debug\stm8s_tim1.o ***
_TIM1_GenerateEvent                 ********   *** removed from Debug\stm8s_tim1.o ***
_TIM1_GetCapture1                   ********   *** removed from Debug\stm8s_tim1.o ***
_TIM1_GetCapture2                   ********   *** removed from Debug\stm8s_tim1.o ***
_TIM1_GetCapture3                   ********   *** removed from Debug\stm8s_tim1.o ***
_TIM1_GetCapture4                   ********   *** removed from Debug\stm8s_tim1.o ***
_TIM1_GetCounter                    ********   *** removed from Debug\stm8s_tim1.o ***
_TIM1_GetFlagStatus                 ********   *** removed from Debug\stm8s_tim1.o ***
_TIM1_GetITStatus                   ********   *** removed from Debug\stm8s_tim1.o ***
_TIM1_GetPrescaler                  ********   *** removed from Debug\stm8s_tim1.o ***
_TIM1_ICInit                        ********   *** removed from Debug\stm8s_tim1.o ***
_TIM1_ITConfig                      ********   *** removed from Debug\stm8s_tim1.o ***
_TIM1_InternalClockConfig           ********   *** removed from Debug\stm8s_tim1.o ***
_TIM1_OC1FastConfig                 ********   *** removed from Debug\stm8s_tim1.o ***
_TIM1_OC1Init                       ********   *** removed from Debug\stm8s_tim1.o ***
_TIM1_OC1NPolarityConfig            ********   *** removed from Debug\stm8s_tim1.o ***
_TIM1_OC1PolarityConfig             ********   *** removed from Debug\stm8s_tim1.o ***
_TIM1_OC1PreloadConfig              ********   *** removed from Debug\stm8s_tim1.o ***
_TIM1_OC2FastConfig                 ********   *** removed from Debug\stm8s_tim1.o ***
_TIM1_OC2Init                       ********   *** removed from Debug\stm8s_tim1.o ***
_TIM1_OC2NPolarityConfig            ********   *** removed from Debug\stm8s_tim1.o ***
_TIM1_OC2PolarityConfig             ********   *** removed from Debug\stm8s_tim1.o ***
_TIM1_OC2PreloadConfig              ********   *** removed from Debug\stm8s_tim1.o ***
_TIM1_OC3FastConfig                 ********   *** removed from Debug\stm8s_tim1.o ***
_TIM1_OC3Init                       ********   *** removed from Debug\stm8s_tim1.o ***
_TIM1_OC3NPolarityConfig            ********   *** removed from Debug\stm8s_tim1.o ***
_TIM1_OC3PolarityConfig             ********   *** removed from Debug\stm8s_tim1.o ***
_TIM1_OC3PreloadConfig              ********   *** removed from Debug\stm8s_tim1.o ***
_TIM1_OC4FastConfig                 ********   *** removed from Debug\stm8s_tim1.o ***
_TIM1_OC4Init                       ********   *** removed from Debug\stm8s_tim1.o ***
_TIM1_OC4PolarityConfig             ********   *** removed from Debug\stm8s_tim1.o ***
_TIM1_OC4PreloadConfig              ********   *** removed from Debug\stm8s_tim1.o ***
_TIM1_PWMIConfig                    ********   *** removed from Debug\stm8s_tim1.o ***
_TIM1_PrescalerConfig               ********   *** removed from Debug\stm8s_tim1.o ***
_TIM1_SelectCOM                     ********   *** removed from Debug\stm8s_tim1.o ***
_TIM1_SelectHallSensor              ********   *** removed from Debug\stm8s_tim1.o ***
_TIM1_SelectInputTrigger            ********   *** removed from Debug\stm8s_tim1.o ***
_TIM1_SelectMasterSlaveMode         ********   *** removed from Debug\stm8s_tim1.o ***
_TIM1_SelectOCxM                    ********   *** removed from Debug\stm8s_tim1.o ***
_TIM1_SelectOnePulseMode            ********   *** removed from Debug\stm8s_tim1.o ***
_TIM1_SelectOutputTrigger           ********   *** removed from Debug\stm8s_tim1.o ***
_TIM1_SelectSlaveMode               ********   *** removed from Debug\stm8s_tim1.o ***
_TIM1_SetAutoreload                 ********   *** removed from Debug\stm8s_tim1.o ***
_TIM1_SetCompare1                   ********   *** removed from Debug\stm8s_tim1.o ***
_TIM1_SetCompare2                   ********   *** removed from Debug\stm8s_tim1.o ***
_TIM1_SetCompare3                   ********   *** removed from Debug\stm8s_tim1.o ***
_TIM1_SetCompare4                   ********   *** removed from Debug\stm8s_tim1.o ***
_TIM1_SetCounter                    ********   *** removed from Debug\stm8s_tim1.o ***
_TIM1_SetIC1Prescaler               ********   *** removed from Debug\stm8s_tim1.o ***
_TIM1_SetIC2Prescaler               ********   *** removed from Debug\stm8s_tim1.o ***
_TIM1_SetIC3Prescaler               ********   *** removed from Debug\stm8s_tim1.o ***
_TIM1_SetIC4Prescaler               ********   *** removed from Debug\stm8s_tim1.o ***
_TIM1_TIxExternalClockConfig        ********   *** removed from Debug\stm8s_tim1.o ***
_TIM1_TimeBaseInit                  ********   *** removed from Debug\stm8s_tim1.o ***
_TIM1_UpdateDisableConfig           ********   *** removed from Debug\stm8s_tim1.o ***
_TIM1_UpdateRequestConfig           ********   *** removed from Debug\stm8s_tim1.o ***
_TIM2_ARRPreloadConfig              ********   *** removed from Debug\stm8s_tim2.o ***
_TIM2_CCxCmd                        ********   *** removed from Debug\stm8s_tim2.o ***
_TIM2_ClearFlag                     ********   *** removed from Debug\stm8s_tim2.o ***
_TIM2_ClearITPendingBit             ********   *** removed from Debug\stm8s_tim2.o ***
_TIM2_Cmd                           ********   *** removed from Debug\stm8s_tim2.o ***
_TIM2_DeInit                        ********   *** removed from Debug\stm8s_tim2.o ***
_TIM2_ForcedOC1Config               ********   *** removed from Debug\stm8s_tim2.o ***
_TIM2_ForcedOC2Config               ********   *** removed from Debug\stm8s_tim2.o ***
_TIM2_ForcedOC3Config               ********   *** removed from Debug\stm8s_tim2.o ***
_TIM2_GenerateEvent                 ********   *** removed from Debug\stm8s_tim2.o ***
_TIM2_GetCapture1                   ********   *** removed from Debug\stm8s_tim2.o ***
_TIM2_GetCapture2                   ********   *** removed from Debug\stm8s_tim2.o ***
_TIM2_GetCapture3                   ********   *** removed from Debug\stm8s_tim2.o ***
_TIM2_GetCounter                    ********   *** removed from Debug\stm8s_tim2.o ***
_TIM2_GetFlagStatus                 ********   *** removed from Debug\stm8s_tim2.o ***
_TIM2_GetITStatus                   ********   *** removed from Debug\stm8s_tim2.o ***
_TIM2_GetPrescaler                  ********   *** removed from Debug\stm8s_tim2.o ***
_TIM2_ICInit                        ********   *** removed from Debug\stm8s_tim2.o ***
_TIM2_ITConfig                      ********   *** removed from Debug\stm8s_tim2.o ***
_TIM2_OC1Init                       ********   *** removed from Debug\stm8s_tim2.o ***
_TIM2_OC1PolarityConfig             ********   *** removed from Debug\stm8s_tim2.o ***
_TIM2_OC1PreloadConfig              ********   *** removed from Debug\stm8s_tim2.o ***
_TIM2_OC2Init                       ********   *** removed from Debug\stm8s_tim2.o ***
_TIM2_OC2PolarityConfig             ********   *** removed from Debug\stm8s_tim2.o ***
_TIM2_OC2PreloadConfig              ********   *** removed from Debug\stm8s_tim2.o ***
_TIM2_OC3Init                       ********   *** removed from Debug\stm8s_tim2.o ***
_TIM2_OC3PolarityConfig             ********   *** removed from Debug\stm8s_tim2.o ***
_TIM2_OC3PreloadConfig              ********   *** removed from Debug\stm8s_tim2.o ***
_TIM2_PWMIConfig                    ********   *** removed from Debug\stm8s_tim2.o ***
_TIM2_PrescalerConfig               ********   *** removed from Debug\stm8s_tim2.o ***
_TIM2_SelectOCxM                    ********   *** removed from Debug\stm8s_tim2.o ***
_TIM2_SelectOnePulseMode            ********   *** removed from Debug\stm8s_tim2.o ***
_TIM2_SetAutoreload                 ********   *** removed from Debug\stm8s_tim2.o ***
_TIM2_SetCompare1                   ********   *** removed from Debug\stm8s_tim2.o ***
_TIM2_SetCompare2                   ********   *** removed from Debug\stm8s_tim2.o ***
_TIM2_SetCompare3                   ********   *** removed from Debug\stm8s_tim2.o ***
_TIM2_SetCounter                    ********   *** removed from Debug\stm8s_tim2.o ***
_TIM2_SetIC1Prescaler               ********   *** removed from Debug\stm8s_tim2.o ***
_TIM2_SetIC2Prescaler               ********   *** removed from Debug\stm8s_tim2.o ***
_TIM2_SetIC3Prescaler               ********   *** removed from Debug\stm8s_tim2.o ***
_TIM2_TimeBaseInit                  ********   *** removed from Debug\stm8s_tim2.o ***
_TIM2_UpdateDisableConfig           ********   *** removed from Debug\stm8s_tim2.o ***
_TIM2_UpdateRequestConfig           ********   *** removed from Debug\stm8s_tim2.o ***
_TIM3_ARRPreloadConfig              ********   *** removed from Debug\stm8s_tim3.o ***
_TIM3_CCxCmd                        ********   *** removed from Debug\stm8s_tim3.o ***
_TIM3_ClearFlag                     ********   *** removed from Debug\stm8s_tim3.o ***
_TIM3_ClearITPendingBit             ********   *** removed from Debug\stm8s_tim3.o ***
_TIM3_Cmd                           ********   *** removed from Debug\stm8s_tim3.o ***
_TIM3_DeInit                        ********   *** removed from Debug\stm8s_tim3.o ***
_TIM3_ForcedOC1Config               ********   *** removed from Debug\stm8s_tim3.o ***
_TIM3_ForcedOC2Config               ********   *** removed from Debug\stm8s_tim3.o ***
_TIM3_GenerateEvent                 ********   *** removed from Debug\stm8s_tim3.o ***
_TIM3_GetCapture1                   ********   *** removed from Debug\stm8s_tim3.o ***
_TIM3_GetCapture2                   ********   *** removed from Debug\stm8s_tim3.o ***
_TIM3_GetCounter                    ********   *** removed from Debug\stm8s_tim3.o ***
_TIM3_GetFlagStatus                 ********   *** removed from Debug\stm8s_tim3.o ***
_TIM3_GetITStatus                   ********   *** removed from Debug\stm8s_tim3.o ***
_TIM3_GetPrescaler                  ********   *** removed from Debug\stm8s_tim3.o ***
_TIM3_ICInit                        ********   *** removed from Debug\stm8s_tim3.o ***
_TIM3_ITConfig                      ********   *** removed from Debug\stm8s_tim3.o ***
_TIM3_OC1Init                       ********   *** removed from Debug\stm8s_tim3.o ***
_TIM3_OC1PolarityConfig             ********   *** removed from Debug\stm8s_tim3.o ***
_TIM3_OC1PreloadConfig              ********   *** removed from Debug\stm8s_tim3.o ***
_TIM3_OC2Init                       ********   *** removed from Debug\stm8s_tim3.o ***
_TIM3_OC2PolarityConfig             ********   *** removed from Debug\stm8s_tim3.o ***
_TIM3_OC2PreloadConfig              ********   *** removed from Debug\stm8s_tim3.o ***
_TIM3_PWMIConfig                    ********   *** removed from Debug\stm8s_tim3.o ***
_TIM3_PrescalerConfig               ********   *** removed from Debug\stm8s_tim3.o ***
_TIM3_SelectOCxM                    ********   *** removed from Debug\stm8s_tim3.o ***
_TIM3_SelectOnePulseMode            ********   *** removed from Debug\stm8s_tim3.o ***
_TIM3_SetAutoreload                 ********   *** removed from Debug\stm8s_tim3.o ***
_TIM3_SetCompare1                   ********   *** removed from Debug\stm8s_tim3.o ***
_TIM3_SetCompare2                   ********   *** removed from Debug\stm8s_tim3.o ***
_TIM3_SetCounter                    ********   *** removed from Debug\stm8s_tim3.o ***
_TIM3_SetIC1Prescaler               ********   *** removed from Debug\stm8s_tim3.o ***
_TIM3_SetIC2Prescaler               ********   *** removed from Debug\stm8s_tim3.o ***
_TIM3_TimeBaseInit                  ********   *** removed from Debug\stm8s_tim3.o ***
_TIM3_UpdateDisableConfig           ********   *** removed from Debug\stm8s_tim3.o ***
_TIM3_UpdateRequestConfig           ********   *** removed from Debug\stm8s_tim3.o ***
_TIM4_ARRPreloadConfig              ********   *** removed from Debug\stm8s_tim4.o ***
_TIM4_ClearFlag                     ********   *** removed from Debug\stm8s_tim4.o ***
_TIM4_ClearITPendingBit             ********   *** removed from Debug\stm8s_tim4.o ***
_TIM4_Cmd                           ********   *** removed from Debug\stm8s_tim4.o ***
_TIM4_DeInit                        ********   *** removed from Debug\stm8s_tim4.o ***
_TIM4_GenerateEvent                 ********   *** removed from Debug\stm8s_tim4.o ***
_TIM4_GetCounter                    ********   *** removed from Debug\stm8s_tim4.o ***
_TIM4_GetFlagStatus                 ********   *** removed from Debug\stm8s_tim4.o ***
_TIM4_GetITStatus                   ********   *** removed from Debug\stm8s_tim4.o ***
_TIM4_GetPrescaler                  ********   *** removed from Debug\stm8s_tim4.o ***
_TIM4_ITConfig                      ********   *** removed from Debug\stm8s_tim4.o ***
_TIM4_PrescalerConfig               ********   *** removed from Debug\stm8s_tim4.o ***
_TIM4_SelectOnePulseMode            ********   *** removed from Debug\stm8s_tim4.o ***
_TIM4_SetAutoreload                 ********   *** removed from Debug\stm8s_tim4.o ***
_TIM4_SetCounter                    ********   *** removed from Debug\stm8s_tim4.o ***
_TIM4_TimeBaseInit                  ********   *** removed from Debug\stm8s_tim4.o ***
_TIM4_UpdateDisableConfig           ********   *** removed from Debug\stm8s_tim4.o ***
_TIM4_UpdateRequestConfig           ********   *** removed from Debug\stm8s_tim4.o ***
_UART2_ClearFlag                    ********   *** removed from Debug\stm8s_uart2.o ***
_UART2_ClearITPendingBit            ********   *** removed from Debug\stm8s_uart2.o ***
_UART2_Cmd                          ********   *** removed from Debug\stm8s_uart2.o ***
_UART2_DeInit                       ********   *** removed from Debug\stm8s_uart2.o ***
_UART2_GetFlagStatus                ********   *** removed from Debug\stm8s_uart2.o ***
_UART2_GetITStatus                  ********   *** removed from Debug\stm8s_uart2.o ***
_UART2_ITConfig                     ********   *** removed from Debug\stm8s_uart2.o ***
_UART2_Init                         ********   *** removed from Debug\stm8s_uart2.o ***
_UART2_IrDACmd                      ********   *** removed from Debug\stm8s_uart2.o ***
_UART2_IrDAConfig                   ********   *** removed from Debug\stm8s_uart2.o ***
_UART2_LINBreakDetectionConfig      ********   *** removed from Debug\stm8s_uart2.o ***
_UART2_LINCmd                       ********   *** removed from Debug\stm8s_uart2.o ***
_UART2_LINConfig                    ********   *** removed from Debug\stm8s_uart2.o ***
_UART2_ReceiveData8                 ********   *** removed from Debug\stm8s_uart2.o ***
_UART2_ReceiveData9                 ********   *** removed from Debug\stm8s_uart2.o ***
_UART2_ReceiverWakeUpCmd            ********   *** removed from Debug\stm8s_uart2.o ***
_UART2_SendBreak                    ********   *** removed from Debug\stm8s_uart2.o ***
_UART2_SendData8                    ********   *** removed from Debug\stm8s_uart2.o ***
_UART2_SendData9                    ********   *** removed from Debug\stm8s_uart2.o ***
_UART2_SetAddress                   ********   *** removed from Debug\stm8s_uart2.o ***
_UART2_SetGuardTime                 ********   *** removed from Debug\stm8s_uart2.o ***
_UART2_SetPrescaler                 ********   *** removed from Debug\stm8s_uart2.o ***
_UART2_SmartCardCmd                 ********   *** removed from Debug\stm8s_uart2.o ***
_UART2_SmartCardNACKCmd             ********   *** removed from Debug\stm8s_uart2.o ***
_UART2_WakeUpConfig                 ********   *** removed from Debug\stm8s_uart2.o ***
_WWDG_GetCounter                    ********   *** removed from Debug\stm8s_wwdg.o ***
_WWDG_Init                          ********   *** removed from Debug\stm8s_wwdg.o ***
_WWDG_SWReset                       ********   *** removed from Debug\stm8s_wwdg.o ***
_WWDG_SetCounter                    ********   *** removed from Debug\stm8s_wwdg.o ***
_WWDG_SetWindowValue                ********   *** removed from Debug\stm8s_wwdg.o ***
__endmem                            000005ff   defined in command file
                                               *** not used ***
__endzp                             00000006   defined in command file section .ubsct
                                               used in C:\Program Files (x86)\COSMIC\FSE_Compilers\CXSTM8\Lib\crtsi0.sm8
__idesc__                           000080a3   defined in linker section .init
                                               used in C:\Program Files (x86)\COSMIC\FSE_Compilers\CXSTM8\Lib\crtsi0.sm8
__memory                            00000100   defined in command file section .bss
                                               used in C:\Program Files (x86)\COSMIC\FSE_Compilers\CXSTM8\Lib\crtsi0.sm8
__stack                             000007ff   defined in command file
                                               used in C:\Program Files (x86)\COSMIC\FSE_Compilers\CXSTM8\Lib\crtsi0.sm8
__startmem                          00000100   defined in command file section .bss
                                               *** not used ***
__stext                             000080a6   defined in C:\Program Files (x86)\COSMIC\FSE_Compilers\CXSTM8\Lib\crtsi0.sm8 section .text
                                               used in Debug\stm8_interrupt_vector.o
__vectab                            00008000   defined in Debug\stm8_interrupt_vector.o section .const
_exit                               000080f4   defined in C:\Program Files (x86)\COSMIC\FSE_Compilers\CXSTM8\Lib\crtsi0.sm8 section .text
_main                               00008196   defined in Debug\main.o section .text
                                               used in C:\Program Files (x86)\COSMIC\FSE_Compilers\CXSTM8\Lib\crtsi0.sm8
c_cmulx                             ********   *** removed from (C:\Program Files (x86)\COSMIC\FSE_Compilers\CXSTM8\Lib\libm0.sm8)cmulx.o ***
c_divsl                             ********   *** removed from (C:\Program Files (x86)\COSMIC\FSE_Compilers\CXSTM8\Lib\libm0.sm8)ldiv.o ***
c_divul                             ********   *** removed from (C:\Program Files (x86)\COSMIC\FSE_Compilers\CXSTM8\Lib\libm0.sm8)ldiv.o ***
c_imul                              ********   *** removed from (C:\Program Files (x86)\COSMIC\FSE_Compilers\CXSTM8\Lib\libm0.sm8)imul.o ***
c_ladd                              ********   *** removed from (C:\Program Files (x86)\COSMIC\FSE_Compilers\CXSTM8\Lib\libm0.sm8)ladd.o ***
c_lcmp                              ********   *** removed from (C:\Program Files (x86)\COSMIC\FSE_Compilers\CXSTM8\Lib\libm0.sm8)lcmp.o ***
c_lgadd                             ********   *** removed from (C:\Program Files (x86)\COSMIC\FSE_Compilers\CXSTM8\Lib\libm0.sm8)lgadd.o ***
c_lgneg                             ********   *** removed from (C:\Program Files (x86)\COSMIC\FSE_Compilers\CXSTM8\Lib\libm0.sm8)lgneg.o ***
c_llsh                              ********   *** removed from (C:\Program Files (x86)\COSMIC\FSE_Compilers\CXSTM8\Lib\libm0.sm8)llsh.o ***
c_lmul                              ********   *** removed from (C:\Program Files (x86)\COSMIC\FSE_Compilers\CXSTM8\Lib\libm0.sm8)lmul.o ***
c_lmulc                             ********   *** removed from (C:\Program Files (x86)\COSMIC\FSE_Compilers\CXSTM8\Lib\libm0.sm8)lmul.o ***
c_lneg                              ********   *** removed from (C:\Program Files (x86)\COSMIC\FSE_Compilers\CXSTM8\Lib\libm0.sm8)lneg.o ***
c_lreg                              ********   *** removed from (C:\Program Files (x86)\COSMIC\FSE_Compilers\CXSTM8\Lib\libm0.sm8)lreg.o ***
c_lsub                              ********   *** removed from (C:\Program Files (x86)\COSMIC\FSE_Compilers\CXSTM8\Lib\libm0.sm8)lsub.o ***
c_ltor                              ********   *** removed from (C:\Program Files (x86)\COSMIC\FSE_Compilers\CXSTM8\Lib\libm0.sm8)ltor.o ***
c_ludv                              ********   *** removed from (C:\Program Files (x86)\COSMIC\FSE_Compilers\CXSTM8\Lib\libm0.sm8)ludiv.o ***
c_rtol                              ********   *** removed from (C:\Program Files (x86)\COSMIC\FSE_Compilers\CXSTM8\Lib\libm0.sm8)rtol.o ***
c_sdivx                             ********   *** removed from (C:\Program Files (x86)\COSMIC\FSE_Compilers\CXSTM8\Lib\libm0.sm8)sdivx.o ***
c_smodx                             ********   *** removed from (C:\Program Files (x86)\COSMIC\FSE_Compilers\CXSTM8\Lib\libm0.sm8)sdivx.o ***
c_smul                              ********   *** removed from (C:\Program Files (x86)\COSMIC\FSE_Compilers\CXSTM8\Lib\libm0.sm8)smul.o ***
c_umul                              ********   *** removed from (C:\Program Files (x86)\COSMIC\FSE_Compilers\CXSTM8\Lib\libm0.sm8)umul.o ***
c_x                                 00000000   defined in (C:\Program Files (x86)\COSMIC\FSE_Compilers\CXSTM8\Lib\libm0.sm8)xreg.o section .ubsct
                                               used in C:\Program Files (x86)\COSMIC\FSE_Compilers\CXSTM8\Lib\crtsi0.sm8
                                                       Debug\stm8s_awu.o
                                                       Debug\stm8s_beep.o
                                                       (C:\Program Files (x86)\COSMIC\FSE_Compilers\CXSTM8\Lib\libm0.sm8)imul.o
                                                       (C:\Program Files (x86)\COSMIC\FSE_Compilers\CXSTM8\Lib\libm0.sm8)lmul.o
                                                       (C:\Program Files (x86)\COSMIC\FSE_Compilers\CXSTM8\Lib\libm0.sm8)ldiv.o
                                                       (C:\Program Files (x86)\COSMIC\FSE_Compilers\CXSTM8\Lib\libm0.sm8)sdivx.o
                                                       (C:\Program Files (x86)\COSMIC\FSE_Compilers\CXSTM8\Lib\libm0.sm8)umul.o
                                                       (C:\Program Files (x86)\COSMIC\FSE_Compilers\CXSTM8\Lib\libm0.sm8)xymov.o
c_xymov                             0000833d   defined in (C:\Program Files (x86)\COSMIC\FSE_Compilers\CXSTM8\Lib\libm0.sm8)xymov.o section .text
                                               used in Debug\main.o
c_y                                 00000003   defined in (C:\Program Files (x86)\COSMIC\FSE_Compilers\CXSTM8\Lib\libm0.sm8)yreg.o section .ubsct
                                               used in C:\Program Files (x86)\COSMIC\FSE_Compilers\CXSTM8\Lib\crtsi0.sm8
                                                       (C:\Program Files (x86)\COSMIC\FSE_Compilers\CXSTM8\Lib\libm0.sm8)umul.o
f_ADC1_IRQHandler                   0000833a   defined in Debug\stm8s_it.o section .text
                                               used in Debug\stm8_interrupt_vector.o
f_AWU_IRQHandler                    00008329   defined in Debug\stm8s_it.o section .text
                                               used in Debug\stm8_interrupt_vector.o
f_CLK_IRQHandler                    0000832a   defined in Debug\stm8s_it.o section .text
                                               used in Debug\stm8_interrupt_vector.o
f_EEPROM_EEC_IRQHandler             0000833c   defined in Debug\stm8s_it.o section .text
                                               used in Debug\stm8_interrupt_vector.o
f_EXTI_PORTA_IRQHandler             0000832b   defined in Debug\stm8s_it.o section .text
                                               used in Debug\stm8_interrupt_vector.o
f_EXTI_PORTB_IRQHandler             0000832c   defined in Debug\stm8s_it.o section .text
                                               used in Debug\stm8_interrupt_vector.o
f_EXTI_PORTC_IRQHandler             0000832d   defined in Debug\stm8s_it.o section .text
                                               used in Debug\stm8_interrupt_vector.o
f_EXTI_PORTD_IRQHandler             0000832e   defined in Debug\stm8s_it.o section .text
                                               used in Debug\stm8_interrupt_vector.o
f_EXTI_PORTE_IRQHandler             0000832f   defined in Debug\stm8s_it.o section .text
                                               used in Debug\stm8_interrupt_vector.o
f_I2C_IRQHandler                    00008337   defined in Debug\stm8s_it.o section .text
                                               used in Debug\stm8_interrupt_vector.o
f_NonHandledInterrupt               00008326   defined in Debug\stm8s_it.o section .text
                                               used in Debug\stm8_interrupt_vector.o
f_SPI_IRQHandler                    00008330   defined in Debug\stm8s_it.o section .text
                                               used in Debug\stm8_interrupt_vector.o
f_TIM1_CAP_COM_IRQHandler           00008332   defined in Debug\stm8s_it.o section .text
                                               used in Debug\stm8_interrupt_vector.o
f_TIM1_UPD_OVF_TRG_BRK_IRQHandler   00008331   defined in Debug\stm8s_it.o section .text
                                               used in Debug\stm8_interrupt_vector.o
f_TIM2_CAP_COM_IRQHandler           00008334   defined in Debug\stm8s_it.o section .text
                                               used in Debug\stm8_interrupt_vector.o
f_TIM2_UPD_OVF_BRK_IRQHandler       00008333   defined in Debug\stm8s_it.o section .text
                                               used in Debug\stm8_interrupt_vector.o
f_TIM3_CAP_COM_IRQHandler           00008336   defined in Debug\stm8s_it.o section .text
                                               used in Debug\stm8_interrupt_vector.o
f_TIM3_UPD_OVF_BRK_IRQHandler       00008335   defined in Debug\stm8s_it.o section .text
                                               used in Debug\stm8_interrupt_vector.o
f_TIM4_UPD_OVF_IRQHandler           0000833b   defined in Debug\stm8s_it.o section .text
                                               used in Debug\stm8_interrupt_vector.o
f_TLI_IRQHandler                    00008328   defined in Debug\stm8s_it.o section .text
                                               used in Debug\stm8_interrupt_vector.o
f_TRAP_IRQHandler                   00008327   defined in Debug\stm8s_it.o section .text
                                               used in Debug\stm8_interrupt_vector.o
f_UART2_RX_IRQHandler               00008339   defined in Debug\stm8s_it.o section .text
                                               used in Debug\stm8_interrupt_vector.o
f_UART2_TX_IRQHandler               00008338   defined in Debug\stm8s_it.o section .text
                                               used in Debug\stm8_interrupt_vector.o
